<!DOCTYPE html>
<html>
	<head>
		<title>Golden</title>
		<link rel="stylesheet" type="text/css" href="style.css">
		<link rel="icon" type="image/png" sizes="32x32" href="../../anh.png">
		<link rel="icon" type="image/png" sizes="16x16" href="../../anh.png">
	</head>
	<body>
		<div class="title">
			<div>
				<h1>Golden</h1>
			</div>
		</div>	
		<div class="grid-container">
  			<div class="grid-item"><a href="img/golden1.jpg"><img alt="Golden" src="img/golden1.jpg"></a></div>
  			<div class="grid-item"><a href="img/golden2.jpg"><img alt="Golden" src="img/golden2.jpg"></a></div>
  			<div class="grid-item"><a href="img/golden3.jpg"><img alt="Golden" src="img/golden3.jpg"></a></div>	
 		</div>	
 		<div class="content">
 			<h3>Nguồn gốc</h3>
 			<p>Chó golden có tên chính xác là Golden Retriever, là một trong những giống chó năng động, ham chơi nhưng cũng rất thông minh, trung thành với chủ. Nhiều nơi nuôi golden để săn mồi, tha mồi, thậm chí là dò tìm ma túy.

			Golden xuất hiện đầu tiên tại các hòn đảo nước Anh, là kết quả của sự lai tạo giữa các giống Retriver lông thẳng màu vàng với Tweed Water Spaniels lông ngắn cùng các giống setters, spaniels, bloodhound và newfoundland. Tên gọi đầu tiên của Golden ngày xưa là Golden Flat – Coat.</p>
 			<h3>Đặc điểm hình dáng</h3>
 			<p>Golden sở hữu một ngoại hình gọn gàng, cân đối và khỏe khoắn. Nhìn tổng thể, ngoại hình của chúng khá đẹp mắt, thu hút mọi người. Kích thước chuẩn của một chú chó Golden Retriever trưởng thành là:<br>

			Con cái: cao 55-57 cm, nặng 27-32 kg.<br>
			Con đực: cao 58-61 cm, nặng 29-34 kg.<br>
			Chúng có một cái đầu khá to. Chiếc mũi màu đen cực thính giúp Golden có thể lần mò được mọi dấu vết. Đôi mắt màu nâu đen, to tròn thể hiện sự tinh nhanh. Mõm khá to cùng với bộ răng hàm chắc khỏe, sắc bén.<br>
			Hai tai của chó Golden khá dài, thường cụp xuống che mất ½ má. Cổ to, ngực rộng, cơ bắp phát triển tốt. Đuôi của chó Golden dài đến khuỷu chân, không bao giờ cong.<br>

			Giống chó Golden Retriver sở hữu một bộ lông dày và mềm mượt, có màu vàng kem. Bộ lông ấy chia thành 2 lớp chính. Lớp lông bên ngoài dài và hơi cứng. Lớp lông bên trong ngắn và mềm mượt hơn rất nhiều.<br>
 			</p>
 			<h3>Đặc điểm tính cách</h3>
 			Giống chó này rất thích làm hài lòng chủ nhân của nó. Đó là lý do tại sao chúng luôn sẵn sàng làm rất nhiều công việc nhà. Sự nỗ lực và tình yêu con người đã giúp cho chó Golden trở thành những người bạn không thể thiếu trong mỗi gia đình.
 			Golden Retriever cực kỳ thông minh. Chúng luôn biết điều chỉnh hành vi của mình sao cho phù hợp nhất các hoàn cảnh khác nhau. Không như những chú chó săn mồi khác, thường cứng đầu và không kiềm chế được sự cáu giận.<br>

			Trung thành, ngoan ngoãn và hài hước cũng là một trong những nét tính cách nổi bật của chó Golden. Chúng luôn mang đến niềm vui cho mọi người xung quanh. Nếu bạn đang buồn, chúng sẽ thấu hiểu điều đó và làm nhiều trò chọc ghẹo bạn cười.<br>

			Chó Golden Retriever rất năng động, hoạt bát, yêu thích các hoạt động ngoài trời. Dù là giống chó săn mồi nhưng Golden luôn thân thiện với con người và các vật nuôi khác. Sẽ chẳng bao giờ chúng làm hại đến ai nếu như không ai xâm phạm đến chúng.<br>

			Golden cũng sẽ làm tốt nhiệm vụ trông giữ nhà cửa nếu được giao. Khi có người lạ, chúng sẽ cất tiếng sủa để báo hiệu cho chủ nhân. Nếu nuôi Golden Retriever, bạn cần phải cho chúng sống trong tình cảm yêu thương, quan tâm chân thành. Bởi đó là những điều mà Golden mong muốn được nhận lại từ con người.<br>
 		</div>
	</body>
</html>